<?xml version="1.0"?>
<div>
  <h1>Heading</h1>
  <p>Some text</p>
</div>
